------------------------------------------------------------
TimeQuest Timing Analyzer Summary
------------------------------------------------------------

Type  : Slow 1100mV 85C Model Setup 'CLOCK_50'
Slack : 14.705
TNS   : 0.000

Type  : Slow 1100mV 85C Model Hold 'CLOCK_50'
Slack : 0.389
TNS   : 0.000

Type  : Slow 1100mV 85C Model Minimum Pulse Width 'CLOCK_50'
Slack : 8.887
TNS   : 0.000

Type  : Slow 1100mV 0C Model Setup 'CLOCK_50'
Slack : 14.522
TNS   : 0.000

Type  : Slow 1100mV 0C Model Hold 'CLOCK_50'
Slack : 0.385
TNS   : 0.000

Type  : Slow 1100mV 0C Model Minimum Pulse Width 'CLOCK_50'
Slack : 8.832
TNS   : 0.000

Type  : Fast 1100mV 85C Model Setup 'CLOCK_50'
Slack : 16.607
TNS   : 0.000

Type  : Fast 1100mV 85C Model Hold 'CLOCK_50'
Slack : 0.205
TNS   : 0.000

Type  : Fast 1100mV 85C Model Minimum Pulse Width 'CLOCK_50'
Slack : 8.752
TNS   : 0.000

Type  : Fast 1100mV 0C Model Setup 'CLOCK_50'
Slack : 16.797
TNS   : 0.000

Type  : Fast 1100mV 0C Model Hold 'CLOCK_50'
Slack : 0.195
TNS   : 0.000

Type  : Fast 1100mV 0C Model Minimum Pulse Width 'CLOCK_50'
Slack : 8.699
TNS   : 0.000

------------------------------------------------------------
